[Bootstrap]
SetupTitle=Install
SetupText=Copying Files, please stand by.
CabFile=FCM_Financials.CAB
Spawn=Setup1.exe
Uninstal=st6unst.exe
TmpDir=msftqws.pdw
Cabs=1

[Bootstrap Files]
File1=@VB6STKIT.DLL,$(WinSysPathSysFile),,,5/21/98 12:00:00 AM,102400,6.0.81.41
File2=@comcat.dll,$(WinSysPathSysFile),$(DLLSelfRegister),,12/7/99 12:00:00 PM,3856,5.0.2181.1
File3=@olepro32.dll,$(WinSysPathSysFile),$(DLLSelfRegister),,12/7/99 12:00:00 PM,164112,5.0.4512.1
File4=@asycfilt.dll,$(WinSysPathSysFile),,,12/7/99 12:00:00 PM,147728,2.40.4512.1
File5=@oleaut32.dll,$(WinSysPathSysFile),$(DLLSelfRegister),,12/7/99 12:00:00 PM,614672,2.40.4512.1
File6=@stdole2.tlb,$(WinSysPathSysFile),,,12/7/99 12:00:00 PM,16896,2.40.4512.1
File7=@msvbvm60.dll,$(WinSysPathSysFile),$(DLLSelfRegister),,12/7/99 12:00:00 PM,1384448,6.0.84.95

[IconGroups]
Group0=FSIB Financials
PrivateGroup0=False
Parent0=$(Programs)

[FSIB Financials]
Icon1=FCM_Financials.exe
Title1=FSIB Financials
StartIn1=$(AppPath)

[Setup]
Title=FSIB Financials 1.0
DefaultDir=$(ProgramFiles)\Shaheer Financials
AppExe=FCM_Financials.exe
AppToUninstall=FCM_Financials.exe

[Setup1 Files]
File1=@MDAC_TYP.EXE,$(AppPath),,,5/22/98 12:00:00 AM,8195296,4.71.1015.0
File2=@Comdlg32.ocx,$(WinSysPath),$(DLLSelfRegister),$(Shared),5/7/99 4:00:00 PM,140288,6.0.84.18
File3=@RDOCURS.DLL,$(WinSysPath),,$(Shared),12/24/02 1:35:24 PM,151552,6.0.88.4
File4=@MSRDO20.DLL,$(WinSysPath),$(DLLSelfRegister),$(Shared),12/24/02 1:35:26 PM,397312,6.0.88.62
File5=@MSCDRUN.DLL,$(CommonFiles)\Designer,$(DLLSelfRegister),$(Shared),5/21/98 5:00:00 PM,49152,6.0.81.40
File6=@MSSTDFMT.DLL,$(WinSysPath),$(DLLSelfRegister),$(Shared),12/24/02 1:35:26 PM,118784,6.0.84.50
File7=@MSDATGRD.OCX,$(WinSysPath),$(DLLSelfRegister),$(Shared),6/24/98 5:00:00 PM,260920,6.0.81.69
File8=@MSCOMCT2.OCX,$(WinSysPath),$(DLLSelfRegister),$(Shared),6/26/98 5:00:00 PM,644400,6.0.81.77
File9=@u252000.dll,$(WinSysPath),,$(Shared),12/7/99 7:31:26 PM,24576,8.0.0.0
File10=@u2lsamp1.dll,$(WinSysPath),,$(Shared),12/7/99 7:31:26 PM,24576,8.0.0.1
File11=@u2ldts.dll,$(WinSysPath),,$(Shared),12/7/99 7:31:26 PM,24576,8.0.0.0
File12=@u2lcom.dll,$(WinSysPath),,$(Shared),12/7/99 7:31:26 PM,45056,8.0.0.0
File13=@u2l2000.dll,$(WinSysPath),,$(Shared),12/7/99 7:31:26 PM,24576,8.0.0.0
File14=@u25dts.dll,$(WinSysPath),,$(Shared),12/7/99 7:31:26 PM,24576,8.0.0.0
File15=@u2fxls.dll,$(WinSysPath),,$(Shared),1/26/00 7:39:22 PM,208896,8.0.0.25
File16=@u2fwordw.dll,$(WinSysPath),,$(Shared),12/7/99 7:31:24 PM,106496,8.0.100.4
File17=@u2fwks.dll,$(WinSysPath),,$(Shared),12/7/99 7:31:24 PM,40960,8.0.0.4
File18=@u2ftext.dll,$(WinSysPath),,$(Shared),12/7/99 7:31:24 PM,81920,8.0.0.1
File19=@u2fsepv.dll,$(WinSysPath),,$(Shared),12/7/99 7:31:24 PM,36864,8.0.0.8
File20=@u2frtf.dll,$(WinSysPath),,$(Shared),1/26/00 7:39:22 PM,122880,8.0.0.33
File21=@u2frec.dll,$(WinSysPath),,$(Shared),12/7/99 7:31:24 PM,36864,8.0.0.0
File22=@u2fodbc.dll,$(WinSysPath),,$(Shared),12/7/99 7:31:24 PM,49152,8.0.0.2
File23=@u2fhtml.dll,$(WinSysPath),,$(Shared),1/6/00 7:15:14 PM,32768,8.0.0.13
File24=@u2fcr.dll,$(WinSysPath),,$(Shared),12/7/99 7:31:24 PM,28672,8.0.0.1
File25=@u2dapp.dll,$(WinSysPath),,$(Shared),12/7/99 7:31:24 PM,28672,8.0.0.0
File26=@u2dvim.dll,$(WinSysPath),,$(Shared),12/7/99 7:31:24 PM,57344,8.0.0.0
File27=@u2dpost.dll,$(WinSysPath),,$(Shared),12/7/99 7:31:24 PM,49152,8.0.0.0
File28=@u2dnotes.dll,$(WinSysPath),,$(Shared),1/12/00 7:18:44 PM,53248,8.0.0.8
File29=@u2dmapi.dll,$(WinSysPath),,$(Shared),12/7/99 7:31:24 PM,40960,8.0.0.0
File30=@u2ddisk.dll,$(WinSysPath),,$(Shared),12/7/99 7:31:24 PM,28672,8.0.0.0
File31=@p2soledb.dll,$(WinSysPath),,$(Shared),1/6/00 7:15:18 PM,196608,8.0.0.24
File32=@p2ssyb10.dll,$(WinSysPath),,$(Shared),12/10/99 7:17:26 PM,155648,8.0.0.10
File33=@p2ssql.dll,$(WinSysPath),,$(Shared),1/6/00 7:15:18 PM,163904,8.0.0.21
File34=@p2sora7.dll,$(WinSysPath),,$(Shared),1/27/00 11:05:54 PM,167936,8.0.0.15
File35=@p2sodbc.dll,$(WinSysPath),,$(Shared),12/24/02 1:35:48 PM,270336,8.0.0.84
File36=@P2smon.dll,$(WinSysPath),,$(Shared),12/15/99 12:17:00 PM,147456,8.0.0.15
File37=@p2sifmx.dll,$(WinSysPath),,$(Shared),12/10/99 7:17:22 PM,163840,8.0.0.16
File38=@p2irdao.dll,$(WinSysPath),,$(Shared),7/12/99 12:31:00 PM,61440,8.0.0.5
File39=@p2ctdao.dll,$(WinSysPath),,$(Shared),7/12/99 12:31:00 PM,53248,8.0.0.4
File40=@p2bxbse.dll,$(WinSysPath),,$(Shared),12/7/99 7:31:26 PM,212992,8.0.0.0
File41=@p2bdao.dll,$(WinSysPath),,$(Shared),7/12/99 12:31:00 PM,94208,8.0.0.4
File42=@P2bbnd.dll,$(WinSysPath),,$(Shared),12/7/99 12:31:00 PM,23040,8.0.0.1
File43=@Crxlat32.dll,$(WinSysPath),,$(Shared),12/7/99 7:31:24 PM,24576,8.0.0.0
File44=@mfc42.dll,$(WinSysPath),$(DLLSelfRegister),$(Shared),12/7/99 5:00:00 PM,995383,6.0.8665.0
File45=@Crpaig80.dll,$(WinSysPath),,$(Shared),12/24/02 1:35:56 PM,618496,8.0.0.11
File46=@Implode.dll,$(AppPath),,,12/7/99 7:31:22 PM,17920,0.0.0.0
File47=@msvcrt.dll,$(WinSysPath),,,12/7/99 12:00:00 PM,295000,6.1.8637.0
File48=@crpe32.dll,$(WinSysPath),,$(Shared),12/24/02 1:36:04 PM,5337088,8.0.0.371
File49=@Crystl32.OCX,$(WinSysPath),$(DLLSelfRegister),$(Shared),10/12/99 12:17:00 PM,847324,8.0.0.4
File50=@MSADODC.OCX,$(WinSysPath),$(DLLSelfRegister),$(Shared),6/24/98 5:00:00 PM,118064,6.0.81.71
File51=@MSFLXGRD.OCX,$(WinSysPath),$(DLLSelfRegister),$(Shared),6/24/98 5:00:00 PM,244024,6.0.81.69
File52=@MSHFLXGD.OCX,$(WinSysPath),$(DLLSelfRegister),$(Shared),6/24/98 5:00:00 PM,407104,6.0.30.5
File53=@MSMASK32.OCX,$(WinSysPath),$(DLLSelfRegister),$(Shared),6/24/98 5:00:00 PM,166200,6.0.81.69
File54=@TABCTL32.OCX,$(WinSysPath),$(DLLSelfRegister),$(Shared),6/24/98 5:00:00 PM,209192,6.0.81.69
File55=@COMCT332.OCX,$(WinSysPath),$(DLLSelfRegister),$(Shared),6/24/98 5:00:00 PM,369696,6.0.0.8169
File56=@MSCOMM32.OCX,$(WinSysPath),$(DLLSelfRegister),$(Shared),6/24/98 5:00:00 PM,103744,6.0.81.69
File57=@Mscomctl.ocx,$(WinSysPath),$(DLLSelfRegister),$(Shared),6/1/99 10:18:00 AM,1057552,6.1.83.41
File58=@scrrun.dll,$(WinSysPath),$(DLLSelfRegister),$(Shared),12/7/99 5:00:00 PM,147512,5.1.0.4615
File59=@craxdui.dll,$(WinSysPath),$(DLLSelfRegister),,12/24/02 1:36:08 PM,344064,8.0.0.371
File60=@msado20.tlb,$(WinSysPath),$(DLLSelfRegister),,7/26/00 2:31:12 PM,61440,2.60.6526.0
File61=@Cdo32.dll,$(WinSysPath),$(DLLSelfRegister),,12/24/02 1:36:08 PM,40960,8.0.0.0
File62=@FCM_Financials.exe,$(AppPath),,,1/1/03 3:24:56 PM,3837952,2001.5.0.1

; The following lines may be deleted in order to obtain extra 
; space for customizing this file on a full installation diskette.
; 
; XXXXXXXXXXXXXXXXXXXXXXXXXXXXXXXXXXXXXXXXXXXXXXXXXXXXXXXXXXXX
; XXXXXXXXXXXXXXXXXXXXXXXXXXXXXXXXXXXXXXXXXXXXXXXXXXXXXXXXXXXX
; XXXXXXXXXXXXXXXXXXXXXXXXXXXXXXXXXXXXXXXXXXXXXXXXXXXXXXXXXXXX
; XXXXXXXXXXXXXXXXXXXXXXXXXXXXXXXXXXXXXXXXXXXXXXXXXXXXXXXXXXXX
; XXXXXXXXXXXXXXXXXXXXXXXXXXXXXXXXXXXXXXXXXXXXXXXXXXXXXXXXXXXX
; XXXXXXXXXXXXXXXXXXXXXXXXXXXXXXXXXXXXXXXXXXXXXXXXXXXXXXXXXXXX
; XXXXXXXXXXXXXXXXXXXXXXXXXXXXXXXXXXXXXXXXXXXXXXXXXXXXXXXXXXXX
; XXXXXXXXXXXXXXXXXXXXXXXXXXXXXXXXXXXXXXXXXXXXXXXXXXXXXXXXXXXX
; XXXXXXXXXXXXXXXXXXXXXXXXXXXXXXXXXXXXXXXXXXXXXXXXXXXXXXXXXXXX
; XXXXXXXXXXXXXXXXXXXXXXXXXXXXXXXXXXXXXXXXXXXXXXXXXXXXXXXXXXXX
; XXXXXXXXXXXXXXXXXXXXXXXXXXXXXXXXXXXXXXXXXXXXXXXXXXXXXXXXXXXX
; XXXXXXXXXXXXXXXXXXXXXXXXXXXXXXXXXXXXXXXXXXXXXXXXXXXXXXXXXXXX
; XXXXXXXXXXXXXXXXXXXXXXXXXXXXXXXXXXXXXXXXXXXXXXXXXXXXXXXXXXXX
; XXXXXXXXXXXXXXXXXXXXXXXXXXXXXXXXXXXXXXXXXXXXXXXXXXXXXXXXXXXX
; XXXXXXXXXXXXXXXXXXXXXXXXXXXXXXXXXXXXXXXXXXXXXXXXXXXXXXXXXXXX
; XXXXXXXXXXXXXXXXXXXXXXXXXXXXXXXXXXXXXXXXXXXXXXXXXXXXXXXXXXXX
; XXXXXXXXXXXXXXXXXXXXXXXXXXXXXXXXXXXXXXXXXXXXXXXXXXXXXXXXXXXX
; XXXXXXXXXXXXXXXXXXXXXXXXXXXXXXXXXXXXXXXXXXXXXXXXXXXXXXXXXXXX
; XXXXXXXXXXXXXXXXXXXXXXXXXXXXXXXXXXXXXXXXXXXXXXXXXXXXXXXXXXXX
; XXXXXXXXXXXXXXXXXXXXXXXXXXXXXXXXXXXXXXXXXXXXXXXXXXXXXXXXXXXX
; XXXXXXXXXXXXXXXXXXXXXXXXXXXXXXXXXXXXXXXXXXXXXXXXXXXXXXXXXXXX
; XXXXXXXXXXXXXXXXXXXXXXXXXXXXXXXXXXXXXXXXXXXXXXXXXXXXXXXXXXXX
; XXXXXXXXXXXXXXXXXXXXXXXXXXXXXXXXXXXXXXXXXXXXXXXXXXXXXXXXXXXX
; XXXXXXXXXXXXXXXXXXXXXXXXXXXXXXXXXXXXXXXXXXXXXXXXXXXXXXXXXXXX
; XXXXXXXXXXXXXXXXXXXXXXXXXXXXXXXXXXXXXXXXXXXXXXXXXXXXXXXXXXXX
; XXXXXXXXXXXXXXXXXXXXXXXXXXXXXXXXXXXXXXXXXXXXXXXXXXXXXXXXXXXX
; XXXXXXXXXXXXXXXXXXXXXXXXXXXXXXXXXXXXXXXXXXXXXXXXXXXXXXXXXXXX
; XXXXXXXXXXXXXXXXXXXXXXXXXXXXXXXXXXXXXXXXXXXXXXXXXXXXXXXXXXXX
; XXXXXXXXXXXXXXXXXXXXXXXXXXXXXXXXXXXXXXXXXXXXXXXXXXXXXXXXXXXX
; XXXXXXXXXXXXXXXXXXXXXXXXXXXXXXXXXXXXXXXXXXXXXXXXXXXXXXXXXXXX
; XXXXXXXXXXXXXXXXXXXXXXXXXXXXXXXXXXXXXXXXXXXXXXXXXXXXXXXXXXXX
; XXXXXXXXXXXXXXXXXXXXXXXXXXXXXXXXXXXXXXXXXXXXXXXXXXXXXXXXXXXX
; XXXXXXXXXXXXXXXXXXXXXXXXXXXXXXXXXXXXXXXXXXXXXXXXXXXXXXXXXXXX
; XXXXXXXXXXXXXXXXXXXXXXXXXXXXXXXXXXXXXXXXXXXXXXXXXXXXXXXXXXXX
; XXXXXXXXXXXXXXXXXXXXXXXXXXXXXXXXXXXXXXXXXXXXXXXXXXXXXXXXXXXX
